error[E0053]: method `test` has an incompatible type for trait
  --> $DIR/type_reference_in_impl_runtime_apis_call.rs:19:17
   |
13 |         fn test(data: u64);
   |                       --- type in trait
...
19 |         fn test(data: &u64) {
   |                       ^^^^ expected u64, found &u64
   |
   = note: expected type `fn(u64)`
              found type `fn(&u64)`

error[E0053]: method `Api_test_runtime_api_impl` has an incompatible type for trait
  --> $DIR/type_reference_in_impl_runtime_apis_call.rs:17:1
   |
11 | / sr_api::decl_runtime_apis! {
12 | |     pub trait Api {
13 | |         fn test(data: u64);
14 | |     }
15 | | }
   | |_- type in trait
16 | 
17 |   sr_api::impl_runtime_apis! {
   |   -^^^^^^^^^^^^^^^^^^^^^^^^^
   |   |
   |  _expected u64, found &u64
   | |
18 | |     impl self::Api<Block> for Runtime {
19 | |         fn test(data: &u64) {
20 | |             unimplemented!()
...  |
34 | |     }
35 | | }
   | |_- in this macro invocation
   |
   = note: expected type `fn(&RuntimeApiImpl<__SR_API_BLOCK__, RuntimeApiImplCall>, &sr_api_hidden_includes_DECL_RUNTIME_APIS::sr_api::BlockId<__SR_API_BLOCK__>, sr_api_hidden_includes_DECL_RUNTIME_APIS::sr_api::ExecutionContext, std::option::Option<u64>, std::vec::Vec<u8>) -> std::result::Result<sr_api_hidden_includes_DECL_RUNTIME_APIS::sr_api::NativeOrEncoded<()>, <RuntimeApiImplCall as sr_api_hidden_includes_DECL_RUNTIME_APIS::sr_api::CallRuntimeAt<__SR_API_BLOCK__>>::Error>`
              found type `fn(&RuntimeApiImpl<__SR_API_BLOCK__, RuntimeApiImplCall>, &sr_api_hidden_includes_DECL_RUNTIME_APIS::sr_api::BlockId<__SR_API_BLOCK__>, sr_api_hidden_includes_DECL_RUNTIME_APIS::sr_api::ExecutionContext, std::option::Option<&u64>, std::vec::Vec<u8>) -> std::result::Result<sr_api_hidden_includes_DECL_RUNTIME_APIS::sr_api::NativeOrEncoded<()>, <RuntimeApiImplCall as sr_api_hidden_includes_DECL_RUNTIME_APIS::sr_api::CallRuntimeAt<__SR_API_BLOCK__>>::Error>`

error[E0308]: mismatched types
  --> $DIR/type_reference_in_impl_runtime_apis_call.rs:17:1
   |
17 | / sr_api::impl_runtime_apis! {
18 | |     impl self::Api<Block> for Runtime {
19 | |         fn test(data: &u64) {
20 | |             unimplemented!()
...  |
34 | |     }
35 | | }
   | | ^
   | | |
   | |_expected u64, found &u64
   |   in this macro invocation
   |
   = note: expected type `u64`
              found type `&u64`

error[E0308]: mismatched types
  --> $DIR/type_reference_in_impl_runtime_apis_call.rs:19:11
   |
19 |         fn test(data: &u64) {
   |                 ^^^^^^^
   |                 |
   |                 expected u64, found &u64
   |                 help: consider removing the borrow: `data`
   |
   = note: expected type `u64`
              found type `&u64`
